// Jest Snapshot v1, https://goo.gl/fbAQLP

exports[`ResultsPaginateModule.vue Snapshot test Snapshot test 1`] = `
<ul
  class="pagination"
  data-v-82963a40=""
>
  <li
    class="pagesButtons"
    data-v-82963a40=""
  >
    <a
      data-v-82963a40=""
      tabindex="0"
    >
      Prec√©dent
    </a>
  </li>
   
  <li
    class="pagesButtons"
    data-v-82963a40=""
  >
    <a
      data-v-82963a40=""
      tabindex="0"
    >
      1
    </a>
  </li>
  <li
    class="pagesButtons disabled"
    data-v-82963a40=""
  >
    <a
      data-v-82963a40=""
      tabindex="0"
    >
      ...
    </a>
  </li>
  <li
    class="pagesButtons"
    data-v-82963a40=""
  >
    <a
      data-v-82963a40=""
      tabindex="0"
    >
      4
    </a>
  </li>
  <li
    class="pagesButtons active"
    data-v-82963a40=""
  >
    <a
      data-v-82963a40=""
      tabindex="0"
    >
      5
    </a>
  </li>
  <li
    class="pagesButtons"
    data-v-82963a40=""
  >
    <a
      data-v-82963a40=""
      tabindex="0"
    >
      6
    </a>
  </li>
  <li
    class="pagesButtons disabled"
    data-v-82963a40=""
  >
    <a
      data-v-82963a40=""
      tabindex="0"
    >
      ...
    </a>
  </li>
  <li
    class="pagesButtons"
    data-v-82963a40=""
  >
    <a
      data-v-82963a40=""
      tabindex="0"
    >
      10
    </a>
  </li>
   
  <li
    class="pagesButtons"
    data-v-82963a40=""
  >
    <a
      data-v-82963a40=""
      tabindex="0"
    >
      Suivant
    </a>
  </li>
</ul>
`;
