// Jest Snapshot v1, https://goo.gl/fbAQLP

exports[`ResultsDidYouMean.vue Snapshot test Snapshot test 1`] = `<!---->`;
