// Jest Snapshot v1, https://goo.gl/fbAQLP

exports[`App.vue It match the snapshot 1`] = `
<div>
  <nav
    class="nav"
  >
    <div
      class="nav__container"
    >
      <a
        class="nav__link"
      >
        <img
          alt="entreprise.data.gouv.fr"
          class="nav__logo"
          src="../assets/img/entreprise.svg"
        />
      </a>
    </div>
  </nav>
   
  <div
    class="hero"
  >
    <div
      class="notification full-width"
    >
      
    Ce site est un travail en cours, actuellement en beta. Vous pouvez le consulter librement.
  
    </div>
     
    <div
      class="hero__container container hero__compact"
    >
      <!---->
       
      <div
        class="form__group"
      >
        <input
          name="search"
          placeholder="Nom, SIREN, SIRET, adresse..."
          type="text"
        />
         
        <button
          class="overlay-button"
        >
          <svg
            class="icon icon-search"
          >
            <use
              xlink:href="#icon-search"
            />
          </svg>
        </button>
         
        <ul
          style="display: none;"
        >
           
          <li
            class="hidden suggestion__box"
          />
          <li
            class="hidden suggestion__box"
          />
          <li
            class="hidden suggestion__box"
          />
          <li
            class="hidden suggestion__box"
          />
          <li
            class="hidden suggestion__box"
          />
        </ul>
      </div>
       
      <!---->
    </div>
  </div>
   
  <!---->
   
  <!---->
   
  <footer
    class="footer"
  >
    <div
      class="container"
    >
      <div
        class="footer__logo"
      >
        <img
          src="../assets/img/etalab.svg"
        />
         
        <ul
          class="footer__social"
        >
          <li>
            <a
              href="https://www.twitter.com/etalab"
            >
              <svg
                class="icon icon-twitter"
              >
                <use
                  xlink:href="#icon-twitter"
                />
              </svg>
            </a>
          </li>
           
          <li>
            <a
              href="https://www.github.com/etalab"
            >
              <svg
                class="icon icon-github"
              >
                <use
                  xlink:href="#icon-github"
                />
              </svg>
            </a>
          </li>
           
          <li>
            <a
              href="https://www.facebook.com/etalab"
            >
              <svg
                class="icon icon-fb"
              >
                <use
                  xlink:href="#icon-fb"
                />
              </svg>
            </a>
          </li>
           
          <li>
            <a
              href="mailto:info@data.gouv.fr"
            >
              <svg
                class="icon icon-mail"
              >
                <use
                  xlink:href="#icon-mail"
                />
              </svg>
            </a>
          </li>
        </ul>
      </div>
       
      <ul
        class="footer__links"
      >
        <li>
          <h2>
            <a
              href="https://entreprise.api.gouv.fr/"
            >
              entreprise.data.gouv.fr
            </a>
          </h2>
        </li>
         
        <li>
          <a
            href="https://www.data.gouv.fr/fr/datasets/base-sirene-des-entreprises-et-de-leurs-etablissements-siren-siret/"
          >
            Données de référence
          </a>
        </li>
         
        <li>
          <a>
            Mentions légales
          </a>
        </li>
         
        <li>
          <a
            href="https://github.com/etalab/sirene_as_api"
          >
            API
          </a>
        </li>
      </ul>
    </div>
  </footer>
</div>
`;
