// Jest Snapshot v1, https://goo.gl/fbAQLP

exports[`EtablissementMap.vue snapshot It match the snapshot 1`] = `
<div
  class="panel"
  id="map"
/>
`;
