// Jest Snapshot v1, https://goo.gl/fbAQLP

exports[`EtablissementNotFound.vue snapshot It match the snapshot 1`] = `
<div
  class="emptyState"
>
  <h2>
    Etablissement non trouv√©
  </h2>
</div>
`;
