// Jest Snapshot v1, https://goo.gl/fbAQLP

exports[`EtablissementSireneChildren.vue snapshot It match the snapshot 1`] = `
<div
  class="company__panel panel"
>
  <!---->
   
  <div
    class="company__item"
  >
    Si√®ge social :
    
    <div
      class="company__item-link"
    >
      
      
    
    </div>
  </div>
   
  <!---->
</div>
`;
