// Jest Snapshot v1, https://goo.gl/fbAQLP

exports[`Etablissement.vue Snapshot testing It match the snapshot 1`] = `<!---->`;
